#-----------------------------------------------------------
# Vivado v2018.3 (64-bit)
# SW Build 2405991 on Thu Dec  6 23:38:27 MST 2018
# IP Build 2404404 on Fri Dec  7 01:43:56 MST 2018
# Start of session at: Mon Apr 13 16:24:08 2020
# Process ID: 9652
# Current directory: C:/Users/Gordoncrew/Documents/GitHub/DL202010_Gordon/Lab10
# Command line: vivado.exe -gui_launcher_event rodinguilauncherevent11316 C:\Users\Gordoncrew\Documents\GitHub\DL202010_Gordon\Lab10\Lab10.xpr
# Log file: C:/Users/Gordoncrew/Documents/GitHub/DL202010_Gordon/Lab10/vivado.log
# Journal file: C:/Users/Gordoncrew/Documents/GitHub/DL202010_Gordon/Lab10\vivado.jou
#-----------------------------------------------------------
start_gui
open_project C:/Users/Gordoncrew/Documents/GitHub/DL202010_Gordon/Lab10/Lab10.xpr
update_compile_order -fileset sources_1
launch_simulation
source counter_test.tcl
close_sim
launch_simulation
source counter_test.tcl
close_sim
launch_simulation
source counter_test.tcl
close_sim
import_files -norecurse C:/Users/Gordoncrew/Documents/GitHub/DL202010_GMLA/Lab08/Lab08.srcs/sources_1/new/sseg4.sv
close [ open C:/Users/Gordoncrew/Documents/GitHub/DL202010_Gordon/Lab10/Lab10.srcs/sources_1/new/sseg4_TDM.sv w ]
add_files C:/Users/Gordoncrew/Documents/GitHub/DL202010_Gordon/Lab10/Lab10.srcs/sources_1/new/sseg4_TDM.sv
update_compile_order -fileset sources_1
import_files -norecurse {C:/Users/Gordoncrew/Documents/GitHub/DL202010_GMLA/Lab08/Lab08.srcs/sources_1/new/an_decode.sv C:/Users/Gordoncrew/Documents/GitHub/DL202010_GMLA/Lab08/Lab08.srcs/sources_1/new/sseg4_manual.sv C:/Users/Gordoncrew/Documents/GitHub/DL202010_GMLA/Lab08/Lab08.srcs/sources_1/new/mux4.sv C:/Users/Gordoncrew/Documents/GitHub/DL202010_GMLA/Lab08/Lab08.srcs/sources_1/new/mux2.sv}
update_compile_order -fileset sources_1
export_ip_user_files -of_objects  [get_files C:/Users/Gordoncrew/Documents/GitHub/DL202010_Gordon/Lab10/Lab10.srcs/sources_1/new/sseg4_TDM.sv] -no_script -reset -force -quiet
remove_files  C:/Users/Gordoncrew/Documents/GitHub/DL202010_Gordon/Lab10/Lab10.srcs/sources_1/new/sseg4_TDM.sv
import_files -norecurse C:/Users/Gordoncrew/Documents/GitHub/DL202010_GMLA/Lab08/disp.sv
update_compile_order -fileset sources_1
import_files -norecurse {C:/Users/Gordoncrew/Documents/GitHub/DL202010_GMLA/MyLab7/MyLab7.srcs/sources_1/new/bcd11.sv C:/Users/Gordoncrew/Documents/GitHub/DL202010_GMLA/MyLab7/MyLab7.srcs/sources_1/new/add3.sv}
update_compile_order -fileset sources_1
add_files -norecurse C:/Users/Gordoncrew/Documents/GitHub/DL202010_Gordon/Lab10/Lab10.srcs/sources_1/new/sseg4_TDM.sv
update_compile_order -fileset sources_1
close [ open C:/Users/Gordoncrew/Documents/GitHub/DL202010_Gordon/Lab10/Lab10.srcs/sources_1/new/timer.sv w ]
add_files C:/Users/Gordoncrew/Documents/GitHub/DL202010_Gordon/Lab10/Lab10.srcs/sources_1/new/timer.sv
update_compile_order -fileset sources_1
close [ open C:/Users/Gordoncrew/Documents/GitHub/DL202010_Gordon/Lab10/Lab10.srcs/sources_1/new/counter2.sv w ]
add_files C:/Users/Gordoncrew/Documents/GitHub/DL202010_Gordon/Lab10/Lab10.srcs/sources_1/new/counter2.sv
update_compile_order -fileset sources_1
close [ open C:/Users/Gordoncrew/Documents/GitHub/DL202010_Gordon/Lab10/Lab10.srcs/sources_1/new/sseg_decoder.sv w ]
add_files C:/Users/Gordoncrew/Documents/GitHub/DL202010_Gordon/Lab10/Lab10.srcs/sources_1/new/sseg_decoder.sv
update_compile_order -fileset sources_1
close [ open C:/Users/Gordoncrew/Documents/GitHub/DL202010_Gordon/Lab10/Lab10.srcs/sources_1/new/calc_lab10.sv w ]
add_files C:/Users/Gordoncrew/Documents/GitHub/DL202010_Gordon/Lab10/Lab10.srcs/sources_1/new/calc_lab10.sv
update_compile_order -fileset sources_1
close [ open C:/Users/Gordoncrew/Documents/GitHub/DL202010_Gordon/Lab10/Lab10.srcs/sources_1/new/sseg4_TDM_test.sv w ]
add_files C:/Users/Gordoncrew/Documents/GitHub/DL202010_Gordon/Lab10/Lab10.srcs/sources_1/new/sseg4_TDM_test.sv
update_compile_order -fileset sources_1
set_property SOURCE_SET sources_1 [get_filesets sim_1]
close [ open C:/Users/Gordoncrew/Documents/GitHub/DL202010_Gordon/Lab10/Lab10.srcs/sim_1/new/sseg4_TDM_test.sv w ]
add_files -fileset sim_1 C:/Users/Gordoncrew/Documents/GitHub/DL202010_Gordon/Lab10/Lab10.srcs/sim_1/new/sseg4_TDM_test.sv
update_compile_order -fileset sim_1
export_ip_user_files -of_objects  [get_files C:/Users/Gordoncrew/Documents/GitHub/DL202010_Gordon/Lab10/Lab10.srcs/sources_1/new/sseg4_TDM_test.sv] -no_script -reset -force -quiet
remove_files  C:/Users/Gordoncrew/Documents/GitHub/DL202010_Gordon/Lab10/Lab10.srcs/sources_1/new/sseg4_TDM_test.sv
file delete -force C:/Users/Gordoncrew/Documents/GitHub/DL202010_Gordon/Lab10/Lab10.srcs/sources_1/new/sseg4_TDM_test.sv
remove_files  C:/Users/Gordoncrew/Documents/GitHub/DL202010_Gordon/Lab10/Lab10.srcs/sources_1/new/sseg4_TDM_test.sv
close [ open C:/Users/Gordoncrew/Documents/GitHub/DL202010_Gordon/Lab10/Lab10.srcs/sources_1/new/sseg4_TDM_test.sv w ]
add_files C:/Users/Gordoncrew/Documents/GitHub/DL202010_Gordon/Lab10/Lab10.srcs/sources_1/new/sseg4_TDM_test.sv
update_compile_order -fileset sources_1
export_ip_user_files -of_objects  [get_files C:/Users/Gordoncrew/Documents/GitHub/DL202010_Gordon/Lab10/Lab10.srcs/sim_1/new/sseg4_TDM_test.sv] -no_script -reset -force -quiet
remove_files  -fileset sim_1 C:/Users/Gordoncrew/Documents/GitHub/DL202010_Gordon/Lab10/Lab10.srcs/sim_1/new/sseg4_TDM_test.sv
file delete -force C:/Users/Gordoncrew/Documents/GitHub/DL202010_Gordon/Lab10/Lab10.srcs/sim_1/new/sseg4_TDM_test.sv
